Archive member included because of file (symbol)

c:/winavr/bin/../lib/gcc/avr/4.3.3/avr5\libgcc.a(_mulsi3.o)
                              ./HAL/LM35/lm35.o (__mulsi3)
c:/winavr/bin/../lib/gcc/avr/4.3.3/avr5\libgcc.a(_udivmodsi4.o)
                              ./MCAL/UART_DRIVER/UART_program.o (__udivmodsi4)
c:/winavr/bin/../lib/gcc/avr/4.3.3/avr5\libgcc.a(_exit.o)
                              c:/winavr/bin/../lib/gcc/avr/4.3.3/../../../../avr/lib/avr5/crtm32.o (exit)
c:/winavr/bin/../lib/gcc/avr/4.3.3/avr5\libgcc.a(_copy_data.o)
                              ./HAL/LCD/lcd.o (__do_copy_data)
c:/winavr/bin/../lib/gcc/avr/4.3.3/avr5\libgcc.a(_clear_bss.o)
                              ./MCAL/TWI_DRIVER/TWI_program.o (__do_clear_bss)
c:/winavr/bin/../lib/gcc/avr/4.3.3/avr5\libgcc.a(_fixunssfsi.o)
                              ./HAL/LCD/lcd.o (__fixunssfsi)
c:/winavr/bin/../lib/gcc/avr/4.3.3/avr5\libgcc.a(_addsub_sf.o)
                              c:/winavr/bin/../lib/gcc/avr/4.3.3/avr5\libgcc.a(_fixunssfsi.o) (__subsf3)
c:/winavr/bin/../lib/gcc/avr/4.3.3/avr5\libgcc.a(_mul_sf.o)
                              ./HAL/LCD/lcd.o (__mulsf3)
c:/winavr/bin/../lib/gcc/avr/4.3.3/avr5\libgcc.a(_div_sf.o)
                              ./HAL/LCD/lcd.o (__divsf3)
c:/winavr/bin/../lib/gcc/avr/4.3.3/avr5\libgcc.a(_gt_sf.o)
                              ./HAL/LCD/lcd.o (__gtsf2)
c:/winavr/bin/../lib/gcc/avr/4.3.3/avr5\libgcc.a(_ge_sf.o)
                              c:/winavr/bin/../lib/gcc/avr/4.3.3/avr5\libgcc.a(_fixunssfsi.o) (__gesf2)
c:/winavr/bin/../lib/gcc/avr/4.3.3/avr5\libgcc.a(_lt_sf.o)
                              ./HAL/LCD/lcd.o (__ltsf2)
c:/winavr/bin/../lib/gcc/avr/4.3.3/avr5\libgcc.a(_sf_to_si.o)
                              c:/winavr/bin/../lib/gcc/avr/4.3.3/avr5\libgcc.a(_fixunssfsi.o) (__fixsfsi)
c:/winavr/bin/../lib/gcc/avr/4.3.3/avr5\libgcc.a(_thenan_sf.o)
                              c:/winavr/bin/../lib/gcc/avr/4.3.3/avr5\libgcc.a(_addsub_sf.o) (__thenan_sf)
c:/winavr/bin/../lib/gcc/avr/4.3.3/avr5\libgcc.a(_prologue.o)
                              c:/winavr/bin/../lib/gcc/avr/4.3.3/avr5\libgcc.a(_addsub_sf.o) (__prologue_saves__)
c:/winavr/bin/../lib/gcc/avr/4.3.3/avr5\libgcc.a(_epilogue.o)
                              c:/winavr/bin/../lib/gcc/avr/4.3.3/avr5\libgcc.a(_addsub_sf.o) (__epilogue_restores__)
c:/winavr/bin/../lib/gcc/avr/4.3.3/avr5\libgcc.a(_pack_sf.o)
                              c:/winavr/bin/../lib/gcc/avr/4.3.3/avr5\libgcc.a(_addsub_sf.o) (__pack_f)
c:/winavr/bin/../lib/gcc/avr/4.3.3/avr5\libgcc.a(_unpack_sf.o)
                              c:/winavr/bin/../lib/gcc/avr/4.3.3/avr5\libgcc.a(_addsub_sf.o) (__unpack_f)
c:/winavr/bin/../lib/gcc/avr/4.3.3/avr5\libgcc.a(_fpcmp_parts_sf.o)
                              c:/winavr/bin/../lib/gcc/avr/4.3.3/avr5\libgcc.a(_gt_sf.o) (__fpcmp_parts_f)
c:/winavr/bin/../lib/gcc/avr/4.3.3/../../../../avr/lib/avr5\libc.a(snprintf.o)
                              ./HAL/LCD/lcd.o (snprintf)
c:/winavr/bin/../lib/gcc/avr/4.3.3/../../../../avr/lib/avr5\libc.a(vfprintf_std.o)
                              c:/winavr/bin/../lib/gcc/avr/4.3.3/../../../../avr/lib/avr5\libc.a(snprintf.o) (vfprintf)
c:/winavr/bin/../lib/gcc/avr/4.3.3/../../../../avr/lib/avr5\libc.a(strnlen_P.o)
                              c:/winavr/bin/../lib/gcc/avr/4.3.3/../../../../avr/lib/avr5\libc.a(vfprintf_std.o) (strnlen_P)
c:/winavr/bin/../lib/gcc/avr/4.3.3/../../../../avr/lib/avr5\libc.a(strnlen.o)
                              c:/winavr/bin/../lib/gcc/avr/4.3.3/../../../../avr/lib/avr5\libc.a(vfprintf_std.o) (strnlen)
c:/winavr/bin/../lib/gcc/avr/4.3.3/../../../../avr/lib/avr5\libc.a(fputc.o)
                              c:/winavr/bin/../lib/gcc/avr/4.3.3/../../../../avr/lib/avr5\libc.a(vfprintf_std.o) (fputc)
c:/winavr/bin/../lib/gcc/avr/4.3.3/../../../../avr/lib/avr5\libc.a(ultoa_invert.o)
                              c:/winavr/bin/../lib/gcc/avr/4.3.3/../../../../avr/lib/avr5\libc.a(vfprintf_std.o) (__ultoa_invert)

Memory Configuration

Name             Origin             Length             Attributes
text             0x00000000         0x00020000         xr
data             0x00800060         0x0000ffa0         rw !x
eeprom           0x00810000         0x00010000         rw !x
fuse             0x00820000         0x00000400         rw !x
lock             0x00830000         0x00000400         rw !x
signature        0x00840000         0x00000400         rw !x
*default*        0x00000000         0xffffffff

Linker script and memory map

LOAD c:/winavr/bin/../lib/gcc/avr/4.3.3/../../../../avr/lib/avr5/crtm32.o
LOAD ./MCAL/UART_DRIVER/UART_program.o
LOAD ./MCAL/TWI_DRIVER/TWI_program.o
LOAD ./MCAL/TIMER_DRIVER/TIMER2/TIMER2.o
LOAD ./MCAL/TIMER_DRIVER/TIMER1/TIMER1.o
LOAD ./MCAL/TIMER_DRIVER/TIMER0/TIMER0.o
LOAD ./MCAL/SPI_DRIVER/SPI_project.o
LOAD ./MCAL/EXT_INTERRUPT/INT_program.o
LOAD ./MCAL/DIO_DRIVER/DIO_program.o
LOAD ./MCAL/ADC_DRIVER/ADC_program.o
LOAD ./HAL/LM35/lm35.o
LOAD ./HAL/LEDS/leds.o
LOAD ./HAL/LDR/ldr.o
LOAD ./HAL/LCD/lcd.o
LOAD ./HAL/KEYPAD/keypad.o
LOAD ./HAL/FAN/fan.o
LOAD ./HAL/EXTERNAL_EEPROM/program.o
LOAD ./APP/main.o
LOAD ./APP/program.o
LOAD c:/winavr/bin/../lib/gcc/avr/4.3.3/avr5\libgcc.a
LOAD c:/winavr/bin/../lib/gcc/avr/4.3.3/../../../../avr/lib/avr5\libc.a
LOAD c:/winavr/bin/../lib/gcc/avr/4.3.3/avr5\libgcc.a

.hash
 *(.hash)

.dynsym
 *(.dynsym)

.dynstr
 *(.dynstr)

.gnu.version
 *(.gnu.version)

.gnu.version_d
 *(.gnu.version_d)

.gnu.version_r
 *(.gnu.version_r)

.rel.init
 *(.rel.init)

.rela.init
 *(.rela.init)

.rel.text
 *(.rel.text)
 *(.rel.text.*)
 *(.rel.gnu.linkonce.t*)

.rela.text
 *(.rela.text)
 *(.rela.text.*)
 *(.rela.gnu.linkonce.t*)

.rel.fini
 *(.rel.fini)

.rela.fini
 *(.rela.fini)

.rel.rodata
 *(.rel.rodata)
 *(.rel.rodata.*)
 *(.rel.gnu.linkonce.r*)

.rela.rodata
 *(.rela.rodata)
 *(.rela.rodata.*)
 *(.rela.gnu.linkonce.r*)

.rel.data
 *(.rel.data)
 *(.rel.data.*)
 *(.rel.gnu.linkonce.d*)

.rela.data
 *(.rela.data)
 *(.rela.data.*)
 *(.rela.gnu.linkonce.d*)

.rel.ctors
 *(.rel.ctors)

.rela.ctors
 *(.rela.ctors)

.rel.dtors
 *(.rel.dtors)

.rela.dtors
 *(.rela.dtors)

.rel.got
 *(.rel.got)

.rela.got
 *(.rela.got)

.rel.bss
 *(.rel.bss)

.rela.bss
 *(.rela.bss)

.rel.plt
 *(.rel.plt)

.rela.plt
 *(.rela.plt)

.text           0x00000000     0x7726
 *(.vectors)
 .vectors       0x00000000       0x54 c:/winavr/bin/../lib/gcc/avr/4.3.3/../../../../avr/lib/avr5/crtm32.o
                0x00000000                __vectors
                0x00000000                __vector_default
 *(.vectors)
 *(.progmem.gcc*)
 *(.progmem*)
                0x00000054                . = ALIGN (0x2)
                0x00000054                __trampolines_start = .
 *(.trampolines)
 .trampolines   0x00000054        0x0 linker stubs
 *(.trampolines*)
                0x00000054                __trampolines_end = .
 *(.jumptables)
 *(.jumptables*)
 *(.lowtext)
 *(.lowtext*)
                0x00000054                __ctors_start = .
 *(.ctors)
                0x00000054                __ctors_end = .
                0x00000054                __dtors_start = .
 *(.dtors)
                0x00000054                __dtors_end = .
 SORT(*)(.ctors)
 SORT(*)(.dtors)
 *(.init0)
 .init0         0x00000054        0x0 c:/winavr/bin/../lib/gcc/avr/4.3.3/../../../../avr/lib/avr5/crtm32.o
                0x00000054                __init
 *(.init0)
 *(.init1)
 *(.init1)
 *(.init2)
 .init2         0x00000054        0xc c:/winavr/bin/../lib/gcc/avr/4.3.3/../../../../avr/lib/avr5/crtm32.o
 *(.init2)
 *(.init3)
 *(.init3)
 *(.init4)
 .init4         0x00000060       0x16 c:/winavr/bin/../lib/gcc/avr/4.3.3/avr5\libgcc.a(_copy_data.o)
                0x00000060                __do_copy_data
 .init4         0x00000076       0x10 c:/winavr/bin/../lib/gcc/avr/4.3.3/avr5\libgcc.a(_clear_bss.o)
                0x00000076                __do_clear_bss
 *(.init4)
 *(.init5)
 *(.init5)
 *(.init6)
 *(.init6)
 *(.init7)
 *(.init7)
 *(.init8)
 *(.init8)
 *(.init9)
 .init9         0x00000086        0x8 c:/winavr/bin/../lib/gcc/avr/4.3.3/../../../../avr/lib/avr5/crtm32.o
 *(.init9)
 *(.text)
 .text          0x0000008e        0x4 c:/winavr/bin/../lib/gcc/avr/4.3.3/../../../../avr/lib/avr5/crtm32.o
                0x0000008e                __vector_12
                0x0000008e                __bad_interrupt
                0x0000008e                __vector_6
                0x0000008e                __vector_13
                0x0000008e                __vector_17
                0x0000008e                __vector_19
                0x0000008e                __vector_15
                0x0000008e                __vector_14
                0x0000008e                __vector_16
                0x0000008e                __vector_18
                0x0000008e                __vector_20
 .text          0x00000092        0x0 ./MCAL/UART_DRIVER/UART_program.o
 .text          0x00000092        0x0 ./MCAL/TWI_DRIVER/TWI_program.o
 .text          0x00000092        0x0 ./MCAL/TIMER_DRIVER/TIMER2/TIMER2.o
 .text          0x00000092        0x0 ./MCAL/TIMER_DRIVER/TIMER1/TIMER1.o
 .text          0x00000092        0x0 ./MCAL/TIMER_DRIVER/TIMER0/TIMER0.o
 .text          0x00000092        0x0 ./MCAL/SPI_DRIVER/SPI_project.o
 .text          0x00000092        0x0 ./MCAL/EXT_INTERRUPT/INT_program.o
 .text          0x00000092        0x0 ./MCAL/DIO_DRIVER/DIO_program.o
 .text          0x00000092        0x0 ./MCAL/ADC_DRIVER/ADC_program.o
 .text          0x00000092        0x0 ./HAL/LM35/lm35.o
 .text          0x00000092        0x0 ./HAL/LEDS/leds.o
 .text          0x00000092        0x0 ./HAL/LDR/ldr.o
 .text          0x00000092        0x0 ./HAL/LCD/lcd.o
 .text          0x00000092        0x0 ./HAL/KEYPAD/keypad.o
 .text          0x00000092        0x0 ./HAL/FAN/fan.o
 .text          0x00000092        0x0 ./HAL/EXTERNAL_EEPROM/program.o
 .text          0x00000092        0x0 ./APP/main.o
 .text          0x00000092        0x0 ./APP/program.o
 .text          0x00000092        0x0 c:/winavr/bin/../lib/gcc/avr/4.3.3/avr5\libgcc.a(_mulsi3.o)
 .text          0x00000092        0x0 c:/winavr/bin/../lib/gcc/avr/4.3.3/avr5\libgcc.a(_udivmodsi4.o)
 .text          0x00000092        0x0 c:/winavr/bin/../lib/gcc/avr/4.3.3/avr5\libgcc.a(_exit.o)
 .text          0x00000092        0x0 c:/winavr/bin/../lib/gcc/avr/4.3.3/avr5\libgcc.a(_copy_data.o)
 .text          0x00000092        0x0 c:/winavr/bin/../lib/gcc/avr/4.3.3/avr5\libgcc.a(_clear_bss.o)
 .text          0x00000092       0x58 c:/winavr/bin/../lib/gcc/avr/4.3.3/avr5\libgcc.a(_fixunssfsi.o)
                0x00000092                __fixunssfsi
 .text          0x000000ea      0x354 c:/winavr/bin/../lib/gcc/avr/4.3.3/avr5\libgcc.a(_addsub_sf.o)
                0x00000382                __subsf3
                0x000003e4                __addsf3
 .text          0x0000043e      0x1f4 c:/winavr/bin/../lib/gcc/avr/4.3.3/avr5\libgcc.a(_mul_sf.o)
                0x0000043e                __mulsf3
 .text          0x00000632      0x158 c:/winavr/bin/../lib/gcc/avr/4.3.3/avr5\libgcc.a(_div_sf.o)
                0x00000632                __divsf3
 .text          0x0000078a       0x60 c:/winavr/bin/../lib/gcc/avr/4.3.3/avr5\libgcc.a(_gt_sf.o)
                0x0000078a                __gtsf2
 .text          0x000007ea       0x60 c:/winavr/bin/../lib/gcc/avr/4.3.3/avr5\libgcc.a(_ge_sf.o)
                0x000007ea                __gesf2
 .text          0x0000084a       0x60 c:/winavr/bin/../lib/gcc/avr/4.3.3/avr5\libgcc.a(_lt_sf.o)
                0x0000084a                __ltsf2
 .text          0x000008aa       0xa8 c:/winavr/bin/../lib/gcc/avr/4.3.3/avr5\libgcc.a(_sf_to_si.o)
                0x000008aa                __fixsfsi
 .text          0x00000952        0x0 c:/winavr/bin/../lib/gcc/avr/4.3.3/avr5\libgcc.a(_thenan_sf.o)
 .text          0x00000952        0x0 c:/winavr/bin/../lib/gcc/avr/4.3.3/avr5\libgcc.a(_prologue.o)
 .text          0x00000952        0x0 c:/winavr/bin/../lib/gcc/avr/4.3.3/avr5\libgcc.a(_epilogue.o)
 .text          0x00000952      0x1aa c:/winavr/bin/../lib/gcc/avr/4.3.3/avr5\libgcc.a(_pack_sf.o)
                0x00000952                __pack_f
 .text          0x00000afc       0xf0 c:/winavr/bin/../lib/gcc/avr/4.3.3/avr5\libgcc.a(_unpack_sf.o)
                0x00000afc                __unpack_f
 .text          0x00000bec       0xb2 c:/winavr/bin/../lib/gcc/avr/4.3.3/avr5\libgcc.a(_fpcmp_parts_sf.o)
                0x00000bec                __fpcmp_parts_f
 .text          0x00000c9e        0x0 c:/winavr/bin/../lib/gcc/avr/4.3.3/../../../../avr/lib/avr5\libc.a(snprintf.o)
 .text          0x00000c9e        0x0 c:/winavr/bin/../lib/gcc/avr/4.3.3/../../../../avr/lib/avr5\libc.a(vfprintf_std.o)
 .text          0x00000c9e        0x0 c:/winavr/bin/../lib/gcc/avr/4.3.3/../../../../avr/lib/avr5\libc.a(strnlen_P.o)
 .text          0x00000c9e        0x0 c:/winavr/bin/../lib/gcc/avr/4.3.3/../../../../avr/lib/avr5\libc.a(strnlen.o)
 .text          0x00000c9e        0x0 c:/winavr/bin/../lib/gcc/avr/4.3.3/../../../../avr/lib/avr5\libc.a(fputc.o)
 .text          0x00000c9e        0x0 c:/winavr/bin/../lib/gcc/avr/4.3.3/../../../../avr/lib/avr5\libc.a(ultoa_invert.o)
                0x00000c9e                . = ALIGN (0x2)
 *(.text.*)
 .text.UART_compute_ubrr
                0x00000c9e       0xde ./MCAL/UART_DRIVER/UART_program.o
 .text.UART_init
                0x00000d7c      0x130 ./MCAL/UART_DRIVER/UART_program.o
                0x00000d7c                UART_init
 .text.UART_sendByte
                0x00000eac       0x2e ./MCAL/UART_DRIVER/UART_program.o
                0x00000eac                UART_sendByte
 .text.UART_receiveByte
                0x00000eda       0x44 ./MCAL/UART_DRIVER/UART_program.o
                0x00000eda                UART_receiveByte
 .text.UART_sendString
                0x00000f1e       0x4e ./MCAL/UART_DRIVER/UART_program.o
                0x00000f1e                UART_sendString
 .text.UART_receiveString
                0x00000f6c       0x7e ./MCAL/UART_DRIVER/UART_program.o
                0x00000f6c                UART_receiveString
 .text.TWI_getPrescalerFactor
                0x00000fea       0xcc ./MCAL/TWI_DRIVER/TWI_program.o
 .text.TWI_calcTWBR
                0x000010b6      0x11e ./MCAL/TWI_DRIVER/TWI_program.o
 .text.TWI_init
                0x000011d4      0x178 ./MCAL/TWI_DRIVER/TWI_program.o
                0x000011d4                TWI_init
 .text.TWI_start
                0x0000134c       0x34 ./MCAL/TWI_DRIVER/TWI_program.o
                0x0000134c                TWI_start
 .text.TWI_repeatedStart
                0x00001380       0x34 ./MCAL/TWI_DRIVER/TWI_program.o
                0x00001380                TWI_repeatedStart
 .text.TWI_stop
                0x000013b4       0x16 ./MCAL/TWI_DRIVER/TWI_program.o
                0x000013b4                TWI_stop
 .text.TWI_writeByte
                0x000013ca       0x42 ./MCAL/TWI_DRIVER/TWI_program.o
                0x000013ca                TWI_writeByte
 .text.TWI_readByteWithACK
                0x0000140c       0x62 ./MCAL/TWI_DRIVER/TWI_program.o
                0x0000140c                TWI_readByteWithACK
 .text.TWI_readByteWithNACK
                0x0000146e       0x62 ./MCAL/TWI_DRIVER/TWI_program.o
                0x0000146e                TWI_readByteWithNACK
 .text.TWI_getStatus
                0x000014d0       0x16 ./MCAL/TWI_DRIVER/TWI_program.o
                0x000014d0                TWI_getStatus
 .text.TWI_slaveListen
                0x000014e6       0x34 ./MCAL/TWI_DRIVER/TWI_program.o
                0x000014e6                TWI_slaveListen
 .text.TWI_slaveReceiveByte
                0x0000151a       0x62 ./MCAL/TWI_DRIVER/TWI_program.o
                0x0000151a                TWI_slaveReceiveByte
 .text.TWI_slaveSendByte
                0x0000157c       0x42 ./MCAL/TWI_DRIVER/TWI_program.o
                0x0000157c                TWI_slaveSendByte
 .text.TIMER2_clockSelect
                0x000015be      0x1ea ./MCAL/TIMER_DRIVER/TIMER2/TIMER2.o
 .text.TIMER2_initNormal
                0x000017a8       0x4a ./MCAL/TIMER_DRIVER/TIMER2/TIMER2.o
                0x000017a8                TIMER2_initNormal
 .text.TIMER2_initCTC
                0x000017f2      0x110 ./MCAL/TIMER_DRIVER/TIMER2/TIMER2.o
                0x000017f2                TIMER2_initCTC
 .text.TIMER2_initFastPWM
                0x00001902       0x98 ./MCAL/TIMER_DRIVER/TIMER2/TIMER2.o
                0x00001902                TIMER2_initFastPWM
 .text.TIMER2_initPhaseCorrectPWM
                0x0000199a       0x98 ./MCAL/TIMER_DRIVER/TIMER2/TIMER2.o
                0x0000199a                TIMER2_initPhaseCorrectPWM
 .text.TIMER2_setDutyCycle
                0x00001a32       0x1c ./MCAL/TIMER_DRIVER/TIMER2/TIMER2.o
                0x00001a32                TIMER2_setDutyCycle
 .text.TIMER2_OF_setCallback
                0x00001a4e       0x24 ./MCAL/TIMER_DRIVER/TIMER2/TIMER2.o
                0x00001a4e                TIMER2_OF_setCallback
 .text.TIMER2_OC_setCallback
                0x00001a72       0x24 ./MCAL/TIMER_DRIVER/TIMER2/TIMER2.o
                0x00001a72                TIMER2_OC_setCallback
 .text.__vector_5
                0x00001a96       0x66 ./MCAL/TIMER_DRIVER/TIMER2/TIMER2.o
                0x00001a96                __vector_5
 .text.__vector_4
                0x00001afc       0x66 ./MCAL/TIMER_DRIVER/TIMER2/TIMER2.o
                0x00001afc                __vector_4
 .text.TIMER1_clockSelect
                0x00001b62      0x17a ./MCAL/TIMER_DRIVER/TIMER1/TIMER1.o
 .text.TIMER1_initNormal
                0x00001cdc       0x3c ./MCAL/TIMER_DRIVER/TIMER1/TIMER1.o
                0x00001cdc                TIMER1_initNormal
 .text.TIMER1_initCTC
                0x00001d18      0x112 ./MCAL/TIMER_DRIVER/TIMER1/TIMER1.o
                0x00001d18                TIMER1_initCTC
 .text.TIMER1_initFastPWM_ICR1
                0x00001e2a       0xea ./MCAL/TIMER_DRIVER/TIMER1/TIMER1.o
                0x00001e2a                TIMER1_initFastPWM_ICR1
 .text.TIMER1_setDutyCycleA
                0x00001f14       0x24 ./MCAL/TIMER_DRIVER/TIMER1/TIMER1.o
                0x00001f14                TIMER1_setDutyCycleA
 .text.TIMER1_setDutyCycleB
                0x00001f38       0x24 ./MCAL/TIMER_DRIVER/TIMER1/TIMER1.o
                0x00001f38                TIMER1_setDutyCycleB
 .text.TIMER1_OF_setCallback
                0x00001f5c       0x24 ./MCAL/TIMER_DRIVER/TIMER1/TIMER1.o
                0x00001f5c                TIMER1_OF_setCallback
 .text.TIMER1_OC_A_setCallback
                0x00001f80       0x24 ./MCAL/TIMER_DRIVER/TIMER1/TIMER1.o
                0x00001f80                TIMER1_OC_A_setCallback
 .text.TIMER1_OC_B_setCallback
                0x00001fa4       0x24 ./MCAL/TIMER_DRIVER/TIMER1/TIMER1.o
                0x00001fa4                TIMER1_OC_B_setCallback
 .text.__vector_9
                0x00001fc8       0x66 ./MCAL/TIMER_DRIVER/TIMER1/TIMER1.o
                0x00001fc8                __vector_9
 .text.__vector_7
                0x0000202e       0x66 ./MCAL/TIMER_DRIVER/TIMER1/TIMER1.o
                0x0000202e                __vector_7
 .text.__vector_8
                0x00002094       0x66 ./MCAL/TIMER_DRIVER/TIMER1/TIMER1.o
                0x00002094                __vector_8
 .text.TIMER0_clockSelect
                0x000020fa      0x17a ./MCAL/TIMER_DRIVER/TIMER0/TIMER0.o
 .text.TIMER0_OF_init
                0x00002274       0x5e ./MCAL/TIMER_DRIVER/TIMER0/TIMER0.o
                0x00002274                TIMER0_OF_init
 .text.TIMER0_CTC_init
                0x000022d2      0x12a ./MCAL/TIMER_DRIVER/TIMER0/TIMER0.o
                0x000022d2                TIMER0_CTC_init
 .text.TIMER0_FAST_PWM_init
                0x000023fc       0xc4 ./MCAL/TIMER_DRIVER/TIMER0/TIMER0.o
                0x000023fc                TIMER0_FAST_PWM_init
 .text.TIMER0_PHASE_CORRECT_PWM_init
                0x000024c0       0xc4 ./MCAL/TIMER_DRIVER/TIMER0/TIMER0.o
                0x000024c0                TIMER0_PHASE_CORRECT_PWM_init
 .text.TIMER0_FAST_PWM_set_dutyCycle
                0x00002584       0x1c ./MCAL/TIMER_DRIVER/TIMER0/TIMER0.o
                0x00002584                TIMER0_FAST_PWM_set_dutyCycle
 .text.TIMER0_PHASECORRECT_set_dutyCycle
                0x000025a0       0x1c ./MCAL/TIMER_DRIVER/TIMER0/TIMER0.o
                0x000025a0                TIMER0_PHASECORRECT_set_dutyCycle
 .text.TIMER0_OF_set_cb
                0x000025bc       0x2c ./MCAL/TIMER_DRIVER/TIMER0/TIMER0.o
                0x000025bc                TIMER0_OF_set_cb
 .text.TIMER0_CTC_set_cb
                0x000025e8       0x2c ./MCAL/TIMER_DRIVER/TIMER0/TIMER0.o
                0x000025e8                TIMER0_CTC_set_cb
 .text.__vector_11
                0x00002614       0x66 ./MCAL/TIMER_DRIVER/TIMER0/TIMER0.o
                0x00002614                __vector_11
 .text.__vector_10
                0x0000267a       0x66 ./MCAL/TIMER_DRIVER/TIMER0/TIMER0.o
                0x0000267a                __vector_10
 .text.SPI_masterInit
                0x000026e0      0x210 ./MCAL/SPI_DRIVER/SPI_project.o
                0x000026e0                SPI_masterInit
 .text.SPI_slaveInit
                0x000028f0       0xca ./MCAL/SPI_DRIVER/SPI_project.o
                0x000028f0                SPI_slaveInit
 .text.SPI_sendReceiveByte
                0x000029ba       0x2c ./MCAL/SPI_DRIVER/SPI_project.o
                0x000029ba                SPI_sendReceiveByte
 .text.SPI_sendReceiveByteDaisy
                0x000029e6       0x26 ./MCAL/SPI_DRIVER/SPI_project.o
                0x000029e6                SPI_sendReceiveByteDaisy
 .text.SPI_sendString
                0x00002a0c       0x5e ./MCAL/SPI_DRIVER/SPI_project.o
                0x00002a0c                SPI_sendString
 .text.SPI_receiveString
                0x00002a6a       0x64 ./MCAL/SPI_DRIVER/SPI_project.o
                0x00002a6a                SPI_receiveString
 .text.EXT_interrupt_GIE_state
                0x00002ace       0x38 ./MCAL/EXT_INTERRUPT/INT_program.o
                0x00002ace                EXT_interrupt_GIE_state
 .text.EXT_INT0_init
                0x00002b06       0xf6 ./MCAL/EXT_INTERRUPT/INT_program.o
                0x00002b06                EXT_INT0_init
 .text.EXT_int0_set_cb
                0x00002bfc       0x2c ./MCAL/EXT_INTERRUPT/INT_program.o
                0x00002bfc                EXT_int0_set_cb
 .text.__vector_1
                0x00002c28       0x66 ./MCAL/EXT_INTERRUPT/INT_program.o
                0x00002c28                __vector_1
 .text.EXT_INT1_init
                0x00002c8e       0xf6 ./MCAL/EXT_INTERRUPT/INT_program.o
                0x00002c8e                EXT_INT1_init
 .text.EXT_int1_set_cb
                0x00002d84       0x24 ./MCAL/EXT_INTERRUPT/INT_program.o
                0x00002d84                EXT_int1_set_cb
 .text.__vector_2
                0x00002da8       0x66 ./MCAL/EXT_INTERRUPT/INT_program.o
                0x00002da8                __vector_2
 .text.EXT_INT2_init
                0x00002e0e       0x66 ./MCAL/EXT_INTERRUPT/INT_program.o
                0x00002e0e                EXT_INT2_init
 .text.EXT_int2_set_cb
                0x00002e74       0x24 ./MCAL/EXT_INTERRUPT/INT_program.o
                0x00002e74                EXT_int2_set_cb
 .text.__vector_3
                0x00002e98       0x66 ./MCAL/EXT_INTERRUPT/INT_program.o
                0x00002e98                __vector_3
 .text.DIO_voidSetPortDir
                0x00002efe       0x88 ./MCAL/DIO_DRIVER/DIO_program.o
                0x00002efe                DIO_voidSetPortDir
 .text.DIO_voidSetPortValue
                0x00002f86       0x88 ./MCAL/DIO_DRIVER/DIO_program.o
                0x00002f86                DIO_voidSetPortValue
 .text.DIO_voidSetPinDir
                0x0000300e      0x1d6 ./MCAL/DIO_DRIVER/DIO_program.o
                0x0000300e                DIO_voidSetPinDir
 .text.DIO_voidSetPinValue
                0x000031e4      0x1d6 ./MCAL/DIO_DRIVER/DIO_program.o
                0x000031e4                DIO_voidSetPinValue
 .text.DIO_voidTogglePin
                0x000033ba      0x10a ./MCAL/DIO_DRIVER/DIO_program.o
                0x000033ba                DIO_voidTogglePin
 .text.DIO_readPin
                0x000034c4      0x10e ./MCAL/DIO_DRIVER/DIO_program.o
                0x000034c4                DIO_readPin
 .text.DIO_readPort
                0x000035d2       0x90 ./MCAL/DIO_DRIVER/DIO_program.o
                0x000035d2                DIO_readPort
 .text.ADC_init
                0x00003662      0x266 ./MCAL/ADC_DRIVER/ADC_program.o
                0x00003662                ADC_init
 .text.ADC_readChannel
                0x000038c8       0x64 ./MCAL/ADC_DRIVER/ADC_program.o
                0x000038c8                ADC_readChannel
 .text.LM35_getTemperature
                0x0000392c       0x5e ./HAL/LM35/lm35.o
                0x0000392c                LM35_getTemperature
 .text.LED_voidInit
                0x0000398a       0x22 ./HAL/LEDS/leds.o
                0x0000398a                LED_voidInit
 .text.LED_voidON
                0x000039ac       0x36 ./HAL/LEDS/leds.o
                0x000039ac                LED_voidON
 .text.LED_voidOFF
                0x000039e2       0x36 ./HAL/LEDS/leds.o
                0x000039e2                LED_voidOFF
 .text.LDR_getVoltage
                0x00003a18       0x5e ./HAL/LDR/ldr.o
                0x00003a18                LDR_getVoltage
 .text.LDR_getResistance
                0x00003a76       0xb4 ./HAL/LDR/ldr.o
                0x00003a76                LDR_getResistance
 .text.LDR_getLightIntensity
                0x00003b2a       0x56 ./HAL/LDR/ldr.o
                0x00003b2a                LDR_getLightIntensity
 .text.LCD_Init
                0x00003b80      0x248 ./HAL/LCD/lcd.o
                0x00003b80                LCD_Init
 .text.LCD_SendCommand
                0x00003dc8      0xdb6 ./HAL/LCD/lcd.o
                0x00003dc8                LCD_SendCommand
 .text.LCD_DisplayChar
                0x00004b7e      0xdb6 ./HAL/LCD/lcd.o
                0x00004b7e                LCD_DisplayChar
 .text.LCD_DisplayString
                0x00005934       0x52 ./HAL/LCD/lcd.o
                0x00005934                LCD_DisplayString
 .text.LCD_IntegerToString
                0x00005986       0x88 ./HAL/LCD/lcd.o
                0x00005986                LCD_IntegerToString
 .text.LCD_MoveCursor
                0x00005a0e       0x86 ./HAL/LCD/lcd.o
                0x00005a0e                LCD_MoveCursor
 .text.LCD_DisplayStringRowColumn
                0x00005a94       0x32 ./HAL/LCD/lcd.o
                0x00005a94                LCD_DisplayStringRowColumn
 .text.LCD_ClearScreen
                0x00005ac6       0x14 ./HAL/LCD/lcd.o
                0x00005ac6                LCD_ClearScreen
 .text.KEYPAD_getPressedKey
                0x00005ada      0x1ce ./HAL/KEYPAD/keypad.o
                0x00005ada                KEYPAD_getPressedKey
 .text.FAN_ModeOn
                0x00005ca8       0x64 ./HAL/FAN/fan.o
                0x00005ca8                FAN_ModeOn
 .text.FAN_RevModeOn
                0x00005d0c       0x64 ./HAL/FAN/fan.o
                0x00005d0c                FAN_RevModeOn
 .text.FAN_Off  0x00005d70       0x64 ./HAL/FAN/fan.o
                0x00005d70                FAN_Off
 .text.EEPROM_writeByte
                0x00005dd4      0x13c ./HAL/EXTERNAL_EEPROM/program.o
                0x00005dd4                EEPROM_writeByte
 .text.EEPROM_readByte
                0x00005f10       0x6c ./HAL/EXTERNAL_EEPROM/program.o
                0x00005f10                EEPROM_readByte
 .text.main     0x00005f7c      0x24e ./APP/main.o
                0x00005f7c                main
 .text.Master_Init
                0x000061ca       0x8e ./APP/program.o
                0x000061ca                Master_Init
 .text.Master_SendCommand
                0x00006258       0x2e ./APP/program.o
                0x00006258                Master_SendCommand
 .text.vManual_LEDMenu
                0x00006286      0x2b6 ./APP/program.o
                0x00006286                vManual_LEDMenu
 .text.vManual_FanMenu
                0x0000653c      0x2e0 ./APP/program.o
                0x0000653c                vManual_FanMenu
 .text.vManual_System
                0x0000681c      0x228 ./APP/program.o
                0x0000681c                vManual_System
 .text.vBluetooth_Mode
                0x00006a44      0x25e ./APP/program.o
                0x00006a44                vBluetooth_Mode
 .text.Password_init
                0x00006ca2       0x62 ./APP/program.o
                0x00006ca2                Password_init
 .text.Password_enter
                0x00006d04      0x158 ./APP/program.o
 .text.Password_check
                0x00006e5c      0x27a ./APP/program.o
                0x00006e5c                Password_check
 .text.libgcc   0x000070d6       0x3e c:/winavr/bin/../lib/gcc/avr/4.3.3/avr5\libgcc.a(_mulsi3.o)
                0x000070d6                __mulsi3
 .text.libgcc   0x00007114       0x44 c:/winavr/bin/../lib/gcc/avr/4.3.3/avr5\libgcc.a(_udivmodsi4.o)
                0x00007114                __udivmodsi4
 .text.libgcc   0x00007158        0x0 c:/winavr/bin/../lib/gcc/avr/4.3.3/avr5\libgcc.a(_exit.o)
 .text.libgcc   0x00007158        0x0 c:/winavr/bin/../lib/gcc/avr/4.3.3/avr5\libgcc.a(_copy_data.o)
 .text.libgcc   0x00007158        0x0 c:/winavr/bin/../lib/gcc/avr/4.3.3/avr5\libgcc.a(_clear_bss.o)
 .text.libgcc   0x00007158       0x38 c:/winavr/bin/../lib/gcc/avr/4.3.3/avr5\libgcc.a(_prologue.o)
                0x00007158                __prologue_saves__
 .text.libgcc   0x00007190       0x36 c:/winavr/bin/../lib/gcc/avr/4.3.3/avr5\libgcc.a(_epilogue.o)
                0x00007190                __epilogue_restores__
 .text.avr-libc
                0x000071c6       0x62 c:/winavr/bin/../lib/gcc/avr/4.3.3/../../../../avr/lib/avr5\libc.a(snprintf.o)
                0x000071c6                snprintf
 .text.avr-libc
                0x00007228      0x3ba c:/winavr/bin/../lib/gcc/avr/4.3.3/../../../../avr/lib/avr5\libc.a(vfprintf_std.o)
                0x00007228                vfprintf
 .text.avr-libc
                0x000075e2       0x16 c:/winavr/bin/../lib/gcc/avr/4.3.3/../../../../avr/lib/avr5\libc.a(strnlen_P.o)
                0x000075e2                strnlen_P
 .text.avr-libc
                0x000075f8       0x16 c:/winavr/bin/../lib/gcc/avr/4.3.3/../../../../avr/lib/avr5\libc.a(strnlen.o)
                0x000075f8                strnlen
 .text.avr-libc
                0x0000760e       0x58 c:/winavr/bin/../lib/gcc/avr/4.3.3/../../../../avr/lib/avr5\libc.a(fputc.o)
                0x0000760e                fputc
 .text.avr-libc
                0x00007666       0xbc c:/winavr/bin/../lib/gcc/avr/4.3.3/../../../../avr/lib/avr5\libc.a(ultoa_invert.o)
                0x00007666                __ultoa_invert
                0x00007722                . = ALIGN (0x2)
 *(.fini9)
 .fini9         0x00007722        0x0 c:/winavr/bin/../lib/gcc/avr/4.3.3/avr5\libgcc.a(_exit.o)
                0x00007722                exit
                0x00007722                _exit
 *(.fini9)
 *(.fini8)
 *(.fini8)
 *(.fini7)
 *(.fini7)
 *(.fini6)
 *(.fini6)
 *(.fini5)
 *(.fini5)
 *(.fini4)
 *(.fini4)
 *(.fini3)
 *(.fini3)
 *(.fini2)
 *(.fini2)
 *(.fini1)
 *(.fini1)
 *(.fini0)
 .fini0         0x00007722        0x4 c:/winavr/bin/../lib/gcc/avr/4.3.3/avr5\libgcc.a(_exit.o)
 *(.fini0)
                0x00007726                _etext = .

.data           0x00800060      0x15c load address 0x00007726
                0x00800060                PROVIDE (__data_start, .)
 *(.data)
 .data          0x00800060        0x0 c:/winavr/bin/../lib/gcc/avr/4.3.3/../../../../avr/lib/avr5/crtm32.o
 .data          0x00800060        0x0 ./MCAL/UART_DRIVER/UART_program.o
 .data          0x00800060        0x0 ./MCAL/TWI_DRIVER/TWI_program.o
 .data          0x00800060        0x0 ./MCAL/TIMER_DRIVER/TIMER2/TIMER2.o
 .data          0x00800060        0x0 ./MCAL/TIMER_DRIVER/TIMER1/TIMER1.o
 .data          0x00800060        0x0 ./MCAL/TIMER_DRIVER/TIMER0/TIMER0.o
 .data          0x00800060        0x0 ./MCAL/SPI_DRIVER/SPI_project.o
 .data          0x00800060        0x0 ./MCAL/EXT_INTERRUPT/INT_program.o
 .data          0x00800060        0x0 ./MCAL/DIO_DRIVER/DIO_program.o
 .data          0x00800060        0x0 ./MCAL/ADC_DRIVER/ADC_program.o
 .data          0x00800060        0x0 ./HAL/LM35/lm35.o
 .data          0x00800060        0x0 ./HAL/LEDS/leds.o
 .data          0x00800060        0x0 ./HAL/LDR/ldr.o
 .data          0x00800060        0x4 ./HAL/LCD/lcd.o
 .data          0x00800064        0x0 ./HAL/KEYPAD/keypad.o
 .data          0x00800064        0x0 ./HAL/FAN/fan.o
 .data          0x00800064        0x0 ./HAL/EXTERNAL_EEPROM/program.o
 .data          0x00800064       0x2b ./APP/main.o
 .data          0x0080008f      0x10d ./APP/program.o
 .data          0x0080019c        0x0 c:/winavr/bin/../lib/gcc/avr/4.3.3/avr5\libgcc.a(_mulsi3.o)
 .data          0x0080019c        0x0 c:/winavr/bin/../lib/gcc/avr/4.3.3/avr5\libgcc.a(_udivmodsi4.o)
 .data          0x0080019c        0x0 c:/winavr/bin/../lib/gcc/avr/4.3.3/avr5\libgcc.a(_exit.o)
 .data          0x0080019c        0x0 c:/winavr/bin/../lib/gcc/avr/4.3.3/avr5\libgcc.a(_copy_data.o)
 .data          0x0080019c        0x0 c:/winavr/bin/../lib/gcc/avr/4.3.3/avr5\libgcc.a(_clear_bss.o)
 .data          0x0080019c        0x0 c:/winavr/bin/../lib/gcc/avr/4.3.3/avr5\libgcc.a(_fixunssfsi.o)
 .data          0x0080019c        0x0 c:/winavr/bin/../lib/gcc/avr/4.3.3/avr5\libgcc.a(_addsub_sf.o)
 .data          0x0080019c        0x0 c:/winavr/bin/../lib/gcc/avr/4.3.3/avr5\libgcc.a(_mul_sf.o)
 .data          0x0080019c        0x0 c:/winavr/bin/../lib/gcc/avr/4.3.3/avr5\libgcc.a(_div_sf.o)
 .data          0x0080019c        0x0 c:/winavr/bin/../lib/gcc/avr/4.3.3/avr5\libgcc.a(_gt_sf.o)
 .data          0x0080019c        0x0 c:/winavr/bin/../lib/gcc/avr/4.3.3/avr5\libgcc.a(_ge_sf.o)
 .data          0x0080019c        0x0 c:/winavr/bin/../lib/gcc/avr/4.3.3/avr5\libgcc.a(_lt_sf.o)
 .data          0x0080019c        0x0 c:/winavr/bin/../lib/gcc/avr/4.3.3/avr5\libgcc.a(_sf_to_si.o)
 .data          0x0080019c        0x8 c:/winavr/bin/../lib/gcc/avr/4.3.3/avr5\libgcc.a(_thenan_sf.o)
                0x0080019c                __thenan_sf
 .data          0x008001a4        0x0 c:/winavr/bin/../lib/gcc/avr/4.3.3/avr5\libgcc.a(_prologue.o)
 .data          0x008001a4        0x0 c:/winavr/bin/../lib/gcc/avr/4.3.3/avr5\libgcc.a(_epilogue.o)
 .data          0x008001a4        0x0 c:/winavr/bin/../lib/gcc/avr/4.3.3/avr5\libgcc.a(_pack_sf.o)
 .data          0x008001a4        0x0 c:/winavr/bin/../lib/gcc/avr/4.3.3/avr5\libgcc.a(_unpack_sf.o)
 .data          0x008001a4        0x0 c:/winavr/bin/../lib/gcc/avr/4.3.3/avr5\libgcc.a(_fpcmp_parts_sf.o)
 .data          0x008001a4        0x0 c:/winavr/bin/../lib/gcc/avr/4.3.3/../../../../avr/lib/avr5\libc.a(snprintf.o)
 .data          0x008001a4        0x0 c:/winavr/bin/../lib/gcc/avr/4.3.3/../../../../avr/lib/avr5\libc.a(vfprintf_std.o)
 .data          0x008001a4        0x0 c:/winavr/bin/../lib/gcc/avr/4.3.3/../../../../avr/lib/avr5\libc.a(strnlen_P.o)
 .data          0x008001a4        0x0 c:/winavr/bin/../lib/gcc/avr/4.3.3/../../../../avr/lib/avr5\libc.a(strnlen.o)
 .data          0x008001a4        0x0 c:/winavr/bin/../lib/gcc/avr/4.3.3/../../../../avr/lib/avr5\libc.a(fputc.o)
 .data          0x008001a4        0x0 c:/winavr/bin/../lib/gcc/avr/4.3.3/../../../../avr/lib/avr5\libc.a(ultoa_invert.o)
 *(.data*)
 .data.BUTTON   0x008001a4       0x10 ./HAL/KEYPAD/keypad.o
 *(.rodata)
 *(.rodata*)
 .rodata.C.0.1433
                0x008001b4        0x7 ./APP/program.o
 *(.gnu.linkonce.d*)
                0x008001bc                . = ALIGN (0x2)
 *fill*         0x008001bb        0x1 00
                0x008001bc                _edata = .
                0x008001bc                PROVIDE (__data_end, .)

.bss            0x008001bc       0x1f
                0x008001bc                PROVIDE (__bss_start, .)
 *(.bss)
 .bss           0x008001bc        0x0 c:/winavr/bin/../lib/gcc/avr/4.3.3/../../../../avr/lib/avr5/crtm32.o
 .bss           0x008001bc        0x0 ./MCAL/UART_DRIVER/UART_program.o
 .bss           0x008001bc        0x0 ./MCAL/TWI_DRIVER/TWI_program.o
 .bss           0x008001bc        0x0 ./MCAL/TIMER_DRIVER/TIMER2/TIMER2.o
 .bss           0x008001bc        0x0 ./MCAL/TIMER_DRIVER/TIMER1/TIMER1.o
 .bss           0x008001bc        0x0 ./MCAL/TIMER_DRIVER/TIMER0/TIMER0.o
 .bss           0x008001bc        0x0 ./MCAL/SPI_DRIVER/SPI_project.o
 .bss           0x008001bc        0x0 ./MCAL/EXT_INTERRUPT/INT_program.o
 .bss           0x008001bc        0x0 ./MCAL/DIO_DRIVER/DIO_program.o
 .bss           0x008001bc        0x0 ./MCAL/ADC_DRIVER/ADC_program.o
 .bss           0x008001bc        0x0 ./HAL/LM35/lm35.o
 .bss           0x008001bc        0x0 ./HAL/LEDS/leds.o
 .bss           0x008001bc        0x0 ./HAL/LDR/ldr.o
 .bss           0x008001bc        0x0 ./HAL/LCD/lcd.o
 .bss           0x008001bc        0x0 ./HAL/KEYPAD/keypad.o
 .bss           0x008001bc        0x0 ./HAL/FAN/fan.o
 .bss           0x008001bc        0x0 ./HAL/EXTERNAL_EEPROM/program.o
 .bss           0x008001bc        0x0 ./APP/main.o
 .bss           0x008001bc        0x0 ./APP/program.o
 .bss           0x008001bc        0x0 c:/winavr/bin/../lib/gcc/avr/4.3.3/avr5\libgcc.a(_mulsi3.o)
 .bss           0x008001bc        0x0 c:/winavr/bin/../lib/gcc/avr/4.3.3/avr5\libgcc.a(_udivmodsi4.o)
 .bss           0x008001bc        0x0 c:/winavr/bin/../lib/gcc/avr/4.3.3/avr5\libgcc.a(_exit.o)
 .bss           0x008001bc        0x0 c:/winavr/bin/../lib/gcc/avr/4.3.3/avr5\libgcc.a(_copy_data.o)
 .bss           0x008001bc        0x0 c:/winavr/bin/../lib/gcc/avr/4.3.3/avr5\libgcc.a(_clear_bss.o)
 .bss           0x008001bc        0x0 c:/winavr/bin/../lib/gcc/avr/4.3.3/avr5\libgcc.a(_fixunssfsi.o)
 .bss           0x008001bc        0x0 c:/winavr/bin/../lib/gcc/avr/4.3.3/avr5\libgcc.a(_addsub_sf.o)
 .bss           0x008001bc        0x0 c:/winavr/bin/../lib/gcc/avr/4.3.3/avr5\libgcc.a(_mul_sf.o)
 .bss           0x008001bc        0x0 c:/winavr/bin/../lib/gcc/avr/4.3.3/avr5\libgcc.a(_div_sf.o)
 .bss           0x008001bc        0x0 c:/winavr/bin/../lib/gcc/avr/4.3.3/avr5\libgcc.a(_gt_sf.o)
 .bss           0x008001bc        0x0 c:/winavr/bin/../lib/gcc/avr/4.3.3/avr5\libgcc.a(_ge_sf.o)
 .bss           0x008001bc        0x0 c:/winavr/bin/../lib/gcc/avr/4.3.3/avr5\libgcc.a(_lt_sf.o)
 .bss           0x008001bc        0x0 c:/winavr/bin/../lib/gcc/avr/4.3.3/avr5\libgcc.a(_sf_to_si.o)
 .bss           0x008001bc        0x0 c:/winavr/bin/../lib/gcc/avr/4.3.3/avr5\libgcc.a(_thenan_sf.o)
 .bss           0x008001bc        0x0 c:/winavr/bin/../lib/gcc/avr/4.3.3/avr5\libgcc.a(_prologue.o)
 .bss           0x008001bc        0x0 c:/winavr/bin/../lib/gcc/avr/4.3.3/avr5\libgcc.a(_epilogue.o)
 .bss           0x008001bc        0x0 c:/winavr/bin/../lib/gcc/avr/4.3.3/avr5\libgcc.a(_pack_sf.o)
 .bss           0x008001bc        0x0 c:/winavr/bin/../lib/gcc/avr/4.3.3/avr5\libgcc.a(_unpack_sf.o)
 .bss           0x008001bc        0x0 c:/winavr/bin/../lib/gcc/avr/4.3.3/avr5\libgcc.a(_fpcmp_parts_sf.o)
 .bss           0x008001bc        0x0 c:/winavr/bin/../lib/gcc/avr/4.3.3/../../../../avr/lib/avr5\libc.a(snprintf.o)
 .bss           0x008001bc        0x0 c:/winavr/bin/../lib/gcc/avr/4.3.3/../../../../avr/lib/avr5\libc.a(vfprintf_std.o)
 .bss           0x008001bc        0x0 c:/winavr/bin/../lib/gcc/avr/4.3.3/../../../../avr/lib/avr5\libc.a(strnlen_P.o)
 .bss           0x008001bc        0x0 c:/winavr/bin/../lib/gcc/avr/4.3.3/../../../../avr/lib/avr5\libc.a(strnlen.o)
 .bss           0x008001bc        0x0 c:/winavr/bin/../lib/gcc/avr/4.3.3/../../../../avr/lib/avr5\libc.a(fputc.o)
 .bss           0x008001bc        0x0 c:/winavr/bin/../lib/gcc/avr/4.3.3/../../../../avr/lib/avr5\libc.a(ultoa_invert.o)
 *(.bss*)
 .bss.gl_TWI_config
                0x008001bc        0xb ./MCAL/TWI_DRIVER/TWI_program.o
 .bss.TIMER2_OF_cb
                0x008001c7        0x2 ./MCAL/TIMER_DRIVER/TIMER2/TIMER2.o
 .bss.TIMER2_OC_cb
                0x008001c9        0x2 ./MCAL/TIMER_DRIVER/TIMER2/TIMER2.o
 .bss.TIMER1_OF_cb
                0x008001cb        0x2 ./MCAL/TIMER_DRIVER/TIMER1/TIMER1.o
 .bss.TIMER1_OC_A_cb
                0x008001cd        0x2 ./MCAL/TIMER_DRIVER/TIMER1/TIMER1.o
 .bss.TIMER1_OC_B_cb
                0x008001cf        0x2 ./MCAL/TIMER_DRIVER/TIMER1/TIMER1.o
 .bss.TIMER_OF_cb
                0x008001d1        0x2 ./MCAL/TIMER_DRIVER/TIMER0/TIMER0.o
                0x008001d1                TIMER_OF_cb
 .bss.TIMER_CTC_cb
                0x008001d3        0x2 ./MCAL/TIMER_DRIVER/TIMER0/TIMER0.o
                0x008001d3                TIMER_CTC_cb
 .bss.INT0_callback
                0x008001d5        0x2 ./MCAL/EXT_INTERRUPT/INT_program.o
 .bss.INT1_callback
                0x008001d7        0x2 ./MCAL/EXT_INTERRUPT/INT_program.o
 .bss.INT2_callback
                0x008001d9        0x2 ./MCAL/EXT_INTERRUPT/INT_program.o
 *(COMMON)
                0x008001db                PROVIDE (__bss_end, .)
                0x00007726                __data_load_start = LOADADDR (.data)
                0x00007882                __data_load_end = (__data_load_start + SIZEOF (.data))

.noinit         0x008001db        0x0
                0x008001db                PROVIDE (__noinit_start, .)
 *(.noinit*)
                0x008001db                PROVIDE (__noinit_end, .)
                0x008001db                _end = .
                0x008001db                PROVIDE (__heap_start, .)

.eeprom         0x00810000        0x0
 *(.eeprom*)
                0x00810000                __eeprom_end = .

.fuse
 *(.fuse)
 *(.lfuse)
 *(.hfuse)
 *(.efuse)

.lock
 *(.lock*)

.signature
 *(.signature*)

.stab           0x00000000     0x7c2c
 *(.stab)
 .stab          0x00000000      0x594 ./MCAL/UART_DRIVER/UART_program.o
 .stab          0x00000594      0x7bc ./MCAL/TWI_DRIVER/TWI_program.o
                                0x7c8 (size before relaxing)
 .stab          0x00000d50      0x924 ./MCAL/TIMER_DRIVER/TIMER2/TIMER2.o
                                0x930 (size before relaxing)
 .stab          0x00001674      0x7a4 ./MCAL/TIMER_DRIVER/TIMER1/TIMER1.o
                                0x96c (size before relaxing)
 .stab          0x00001e18      0x8a0 ./MCAL/TIMER_DRIVER/TIMER0/TIMER0.o
                                0xa68 (size before relaxing)
 .stab          0x000026b8      0x630 ./MCAL/SPI_DRIVER/SPI_project.o
                                0x63c (size before relaxing)
 .stab          0x00002ce8      0x690 ./MCAL/EXT_INTERRUPT/INT_program.o
                                0x858 (size before relaxing)
 .stab          0x00003378      0x624 ./MCAL/DIO_DRIVER/DIO_program.o
                                0x630 (size before relaxing)
 .stab          0x0000399c      0x3c0 ./MCAL/ADC_DRIVER/ADC_program.o
                                0x3cc (size before relaxing)
 .stab          0x00003d5c      0x204 ./HAL/LM35/lm35.o
                                0x210 (size before relaxing)
 .stab          0x00003f60      0x330 ./HAL/LEDS/leds.o
                                0x33c (size before relaxing)
 .stab          0x00004290      0x318 ./HAL/LDR/ldr.o
                                0x324 (size before relaxing)
 .stab          0x000045a8     0x1608 ./HAL/LCD/lcd.o
                               0x1794 (size before relaxing)
 .stab          0x00005bb0      0x3fc ./HAL/KEYPAD/keypad.o
                                0x594 (size before relaxing)
 .stab          0x00005fac      0x360 ./HAL/FAN/fan.o
                                0x36c (size before relaxing)
 .stab          0x0000630c      0x3d8 ./HAL/EXTERNAL_EEPROM/program.o
                                0x570 (size before relaxing)
 .stab          0x000066e4      0x57c ./APP/main.o
                                0x714 (size before relaxing)
 .stab          0x00006c60      0xfcc ./APP/program.o
                               0x1344 (size before relaxing)

.stabstr        0x00000000     0x381d
 *(.stabstr)
 .stabstr       0x00000000     0x381d ./MCAL/UART_DRIVER/UART_program.o

.stab.excl
 *(.stab.excl)

.stab.exclstr
 *(.stab.exclstr)

.stab.index
 *(.stab.index)

.stab.indexstr
 *(.stab.indexstr)

.comment
 *(.comment)

.debug
 *(.debug)

.line
 *(.line)

.debug_srcinfo
 *(.debug_srcinfo)

.debug_sfnames
 *(.debug_sfnames)

.debug_aranges  0x00000000      0x160
 *(.debug_aranges)
 .debug_aranges
                0x00000000       0x20 c:/winavr/bin/../lib/gcc/avr/4.3.3/avr5\libgcc.a(_fixunssfsi.o)
 .debug_aranges
                0x00000020       0x20 c:/winavr/bin/../lib/gcc/avr/4.3.3/avr5\libgcc.a(_addsub_sf.o)
 .debug_aranges
                0x00000040       0x20 c:/winavr/bin/../lib/gcc/avr/4.3.3/avr5\libgcc.a(_mul_sf.o)
 .debug_aranges
                0x00000060       0x20 c:/winavr/bin/../lib/gcc/avr/4.3.3/avr5\libgcc.a(_div_sf.o)
 .debug_aranges
                0x00000080       0x20 c:/winavr/bin/../lib/gcc/avr/4.3.3/avr5\libgcc.a(_gt_sf.o)
 .debug_aranges
                0x000000a0       0x20 c:/winavr/bin/../lib/gcc/avr/4.3.3/avr5\libgcc.a(_ge_sf.o)
 .debug_aranges
                0x000000c0       0x20 c:/winavr/bin/../lib/gcc/avr/4.3.3/avr5\libgcc.a(_lt_sf.o)
 .debug_aranges
                0x000000e0       0x20 c:/winavr/bin/../lib/gcc/avr/4.3.3/avr5\libgcc.a(_sf_to_si.o)
 .debug_aranges
                0x00000100       0x20 c:/winavr/bin/../lib/gcc/avr/4.3.3/avr5\libgcc.a(_pack_sf.o)
 .debug_aranges
                0x00000120       0x20 c:/winavr/bin/../lib/gcc/avr/4.3.3/avr5\libgcc.a(_unpack_sf.o)
 .debug_aranges
                0x00000140       0x20 c:/winavr/bin/../lib/gcc/avr/4.3.3/avr5\libgcc.a(_fpcmp_parts_sf.o)

.debug_pubnames
                0x00000000      0x18f
 *(.debug_pubnames)
 .debug_pubnames
                0x00000000       0x23 c:/winavr/bin/../lib/gcc/avr/4.3.3/avr5\libgcc.a(_fixunssfsi.o)
 .debug_pubnames
                0x00000023       0x2c c:/winavr/bin/../lib/gcc/avr/4.3.3/avr5\libgcc.a(_addsub_sf.o)
 .debug_pubnames
                0x0000004f       0x1f c:/winavr/bin/../lib/gcc/avr/4.3.3/avr5\libgcc.a(_mul_sf.o)
 .debug_pubnames
                0x0000006e       0x1f c:/winavr/bin/../lib/gcc/avr/4.3.3/avr5\libgcc.a(_div_sf.o)
 .debug_pubnames
                0x0000008d       0x1e c:/winavr/bin/../lib/gcc/avr/4.3.3/avr5\libgcc.a(_gt_sf.o)
 .debug_pubnames
                0x000000ab       0x1e c:/winavr/bin/../lib/gcc/avr/4.3.3/avr5\libgcc.a(_ge_sf.o)
 .debug_pubnames
                0x000000c9       0x1e c:/winavr/bin/../lib/gcc/avr/4.3.3/avr5\libgcc.a(_lt_sf.o)
 .debug_pubnames
                0x000000e7       0x20 c:/winavr/bin/../lib/gcc/avr/4.3.3/avr5\libgcc.a(_sf_to_si.o)
 .debug_pubnames
                0x00000107       0x22 c:/winavr/bin/../lib/gcc/avr/4.3.3/avr5\libgcc.a(_thenan_sf.o)
 .debug_pubnames
                0x00000129       0x1f c:/winavr/bin/../lib/gcc/avr/4.3.3/avr5\libgcc.a(_pack_sf.o)
 .debug_pubnames
                0x00000148       0x21 c:/winavr/bin/../lib/gcc/avr/4.3.3/avr5\libgcc.a(_unpack_sf.o)
 .debug_pubnames
                0x00000169       0x26 c:/winavr/bin/../lib/gcc/avr/4.3.3/avr5\libgcc.a(_fpcmp_parts_sf.o)

.debug_info     0x00000000     0x2045
 *(.debug_info)
 .debug_info    0x00000000       0xb1 c:/winavr/bin/../lib/gcc/avr/4.3.3/avr5\libgcc.a(_fixunssfsi.o)
 .debug_info    0x000000b1      0x47a c:/winavr/bin/../lib/gcc/avr/4.3.3/avr5\libgcc.a(_addsub_sf.o)
 .debug_info    0x0000052b      0x485 c:/winavr/bin/../lib/gcc/avr/4.3.3/avr5\libgcc.a(_mul_sf.o)
 .debug_info    0x000009b0      0x3fc c:/winavr/bin/../lib/gcc/avr/4.3.3/avr5\libgcc.a(_div_sf.o)
 .debug_info    0x00000dac      0x27f c:/winavr/bin/../lib/gcc/avr/4.3.3/avr5\libgcc.a(_gt_sf.o)
 .debug_info    0x0000102b      0x27f c:/winavr/bin/../lib/gcc/avr/4.3.3/avr5\libgcc.a(_ge_sf.o)
 .debug_info    0x000012aa      0x27f c:/winavr/bin/../lib/gcc/avr/4.3.3/avr5\libgcc.a(_lt_sf.o)
 .debug_info    0x00001529      0x2b0 c:/winavr/bin/../lib/gcc/avr/4.3.3/avr5\libgcc.a(_sf_to_si.o)
 .debug_info    0x000017d9      0x12c c:/winavr/bin/../lib/gcc/avr/4.3.3/avr5\libgcc.a(_thenan_sf.o)
 .debug_info    0x00001905      0x2df c:/winavr/bin/../lib/gcc/avr/4.3.3/avr5\libgcc.a(_pack_sf.o)
 .debug_info    0x00001be4      0x251 c:/winavr/bin/../lib/gcc/avr/4.3.3/avr5\libgcc.a(_unpack_sf.o)
 .debug_info    0x00001e35      0x210 c:/winavr/bin/../lib/gcc/avr/4.3.3/avr5\libgcc.a(_fpcmp_parts_sf.o)
 *(.gnu.linkonce.wi.*)

.debug_abbrev   0x00000000     0x1101
 *(.debug_abbrev)
 .debug_abbrev  0x00000000       0x5d c:/winavr/bin/../lib/gcc/avr/4.3.3/avr5\libgcc.a(_fixunssfsi.o)
 .debug_abbrev  0x0000005d      0x1ea c:/winavr/bin/../lib/gcc/avr/4.3.3/avr5\libgcc.a(_addsub_sf.o)
 .debug_abbrev  0x00000247      0x21b c:/winavr/bin/../lib/gcc/avr/4.3.3/avr5\libgcc.a(_mul_sf.o)
 .debug_abbrev  0x00000462      0x216 c:/winavr/bin/../lib/gcc/avr/4.3.3/avr5\libgcc.a(_div_sf.o)
 .debug_abbrev  0x00000678      0x15a c:/winavr/bin/../lib/gcc/avr/4.3.3/avr5\libgcc.a(_gt_sf.o)
 .debug_abbrev  0x000007d2      0x15a c:/winavr/bin/../lib/gcc/avr/4.3.3/avr5\libgcc.a(_ge_sf.o)
 .debug_abbrev  0x0000092c      0x15a c:/winavr/bin/../lib/gcc/avr/4.3.3/avr5\libgcc.a(_lt_sf.o)
 .debug_abbrev  0x00000a86      0x17f c:/winavr/bin/../lib/gcc/avr/4.3.3/avr5\libgcc.a(_sf_to_si.o)
 .debug_abbrev  0x00000c05       0xad c:/winavr/bin/../lib/gcc/avr/4.3.3/avr5\libgcc.a(_thenan_sf.o)
 .debug_abbrev  0x00000cb2      0x1c0 c:/winavr/bin/../lib/gcc/avr/4.3.3/avr5\libgcc.a(_pack_sf.o)
 .debug_abbrev  0x00000e72      0x154 c:/winavr/bin/../lib/gcc/avr/4.3.3/avr5\libgcc.a(_unpack_sf.o)
 .debug_abbrev  0x00000fc6      0x13b c:/winavr/bin/../lib/gcc/avr/4.3.3/avr5\libgcc.a(_fpcmp_parts_sf.o)

.debug_line     0x00000000      0xf82
 *(.debug_line)
 .debug_line    0x00000000       0xa7 c:/winavr/bin/../lib/gcc/avr/4.3.3/avr5\libgcc.a(_fixunssfsi.o)
 .debug_line    0x000000a7      0x2af c:/winavr/bin/../lib/gcc/avr/4.3.3/avr5\libgcc.a(_addsub_sf.o)
 .debug_line    0x00000356      0x239 c:/winavr/bin/../lib/gcc/avr/4.3.3/avr5\libgcc.a(_mul_sf.o)
 .debug_line    0x0000058f      0x1d5 c:/winavr/bin/../lib/gcc/avr/4.3.3/avr5\libgcc.a(_div_sf.o)
 .debug_line    0x00000764       0xd3 c:/winavr/bin/../lib/gcc/avr/4.3.3/avr5\libgcc.a(_gt_sf.o)
 .debug_line    0x00000837       0xd3 c:/winavr/bin/../lib/gcc/avr/4.3.3/avr5\libgcc.a(_ge_sf.o)
 .debug_line    0x0000090a       0xd3 c:/winavr/bin/../lib/gcc/avr/4.3.3/avr5\libgcc.a(_lt_sf.o)
 .debug_line    0x000009dd      0x109 c:/winavr/bin/../lib/gcc/avr/4.3.3/avr5\libgcc.a(_sf_to_si.o)
 .debug_line    0x00000ae6       0x90 c:/winavr/bin/../lib/gcc/avr/4.3.3/avr5\libgcc.a(_thenan_sf.o)
 .debug_line    0x00000b76      0x18a c:/winavr/bin/../lib/gcc/avr/4.3.3/avr5\libgcc.a(_pack_sf.o)
 .debug_line    0x00000d00      0x14b c:/winavr/bin/../lib/gcc/avr/4.3.3/avr5\libgcc.a(_unpack_sf.o)
 .debug_line    0x00000e4b      0x137 c:/winavr/bin/../lib/gcc/avr/4.3.3/avr5\libgcc.a(_fpcmp_parts_sf.o)

.debug_frame    0x00000000      0x180
 *(.debug_frame)
 .debug_frame   0x00000000       0x20 c:/winavr/bin/../lib/gcc/avr/4.3.3/avr5\libgcc.a(_fixunssfsi.o)
 .debug_frame   0x00000020       0x40 c:/winavr/bin/../lib/gcc/avr/4.3.3/avr5\libgcc.a(_addsub_sf.o)
 .debug_frame   0x00000060       0x20 c:/winavr/bin/../lib/gcc/avr/4.3.3/avr5\libgcc.a(_mul_sf.o)
 .debug_frame   0x00000080       0x20 c:/winavr/bin/../lib/gcc/avr/4.3.3/avr5\libgcc.a(_div_sf.o)
 .debug_frame   0x000000a0       0x20 c:/winavr/bin/../lib/gcc/avr/4.3.3/avr5\libgcc.a(_gt_sf.o)
 .debug_frame   0x000000c0       0x20 c:/winavr/bin/../lib/gcc/avr/4.3.3/avr5\libgcc.a(_ge_sf.o)
 .debug_frame   0x000000e0       0x20 c:/winavr/bin/../lib/gcc/avr/4.3.3/avr5\libgcc.a(_lt_sf.o)
 .debug_frame   0x00000100       0x20 c:/winavr/bin/../lib/gcc/avr/4.3.3/avr5\libgcc.a(_sf_to_si.o)
 .debug_frame   0x00000120       0x20 c:/winavr/bin/../lib/gcc/avr/4.3.3/avr5\libgcc.a(_pack_sf.o)
 .debug_frame   0x00000140       0x20 c:/winavr/bin/../lib/gcc/avr/4.3.3/avr5\libgcc.a(_unpack_sf.o)
 .debug_frame   0x00000160       0x20 c:/winavr/bin/../lib/gcc/avr/4.3.3/avr5\libgcc.a(_fpcmp_parts_sf.o)

.debug_str      0x00000000      0x2c2
 *(.debug_str)
 .debug_str     0x00000000       0xbf c:/winavr/bin/../lib/gcc/avr/4.3.3/avr5\libgcc.a(_fixunssfsi.o)
                                 0xfe (size before relaxing)
 .debug_str     0x000000bf      0x14d c:/winavr/bin/../lib/gcc/avr/4.3.3/avr5\libgcc.a(_addsub_sf.o)
                                0x206 (size before relaxing)
 .debug_str     0x0000020c       0x27 c:/winavr/bin/../lib/gcc/avr/4.3.3/avr5\libgcc.a(_mul_sf.o)
                                0x1bf (size before relaxing)
 .debug_str     0x00000233       0x35 c:/winavr/bin/../lib/gcc/avr/4.3.3/avr5\libgcc.a(_div_sf.o)
                                0x1c8 (size before relaxing)
 .debug_str     0x00000268        0xf c:/winavr/bin/../lib/gcc/avr/4.3.3/avr5\libgcc.a(_gt_sf.o)
                                0x195 (size before relaxing)
 .debug_str     0x00000277        0x8 c:/winavr/bin/../lib/gcc/avr/4.3.3/avr5\libgcc.a(_ge_sf.o)
                                0x195 (size before relaxing)
 .debug_str     0x0000027f        0x8 c:/winavr/bin/../lib/gcc/avr/4.3.3/avr5\libgcc.a(_lt_sf.o)
                                0x195 (size before relaxing)
 .debug_str     0x00000287        0xa c:/winavr/bin/../lib/gcc/avr/4.3.3/avr5\libgcc.a(_sf_to_si.o)
                                0x19e (size before relaxing)
 .debug_str     0x00000000      0x103 c:/winavr/bin/../lib/gcc/avr/4.3.3/avr5\libgcc.a(_thenan_sf.o)
 .debug_str     0x00000291       0x16 c:/winavr/bin/../lib/gcc/avr/4.3.3/avr5\libgcc.a(_pack_sf.o)
                                0x19d (size before relaxing)
 .debug_str     0x000002a7        0xb c:/winavr/bin/../lib/gcc/avr/4.3.3/avr5\libgcc.a(_unpack_sf.o)
                                0x17f (size before relaxing)
 .debug_str     0x000002b2       0x10 c:/winavr/bin/../lib/gcc/avr/4.3.3/avr5\libgcc.a(_fpcmp_parts_sf.o)
                                0x163 (size before relaxing)

.debug_loc      0x00000000      0x88e
 *(.debug_loc)
 .debug_loc     0x00000000       0x34 c:/winavr/bin/../lib/gcc/avr/4.3.3/avr5\libgcc.a(_fixunssfsi.o)
 .debug_loc     0x00000034      0x32a c:/winavr/bin/../lib/gcc/avr/4.3.3/avr5\libgcc.a(_addsub_sf.o)
 .debug_loc     0x0000035e      0x104 c:/winavr/bin/../lib/gcc/avr/4.3.3/avr5\libgcc.a(_mul_sf.o)
 .debug_loc     0x00000462       0xc0 c:/winavr/bin/../lib/gcc/avr/4.3.3/avr5\libgcc.a(_div_sf.o)
 .debug_loc     0x00000522       0x3c c:/winavr/bin/../lib/gcc/avr/4.3.3/avr5\libgcc.a(_gt_sf.o)
 .debug_loc     0x0000055e       0x3c c:/winavr/bin/../lib/gcc/avr/4.3.3/avr5\libgcc.a(_ge_sf.o)
 .debug_loc     0x0000059a       0x3c c:/winavr/bin/../lib/gcc/avr/4.3.3/avr5\libgcc.a(_lt_sf.o)
 .debug_loc     0x000005d6       0x7e c:/winavr/bin/../lib/gcc/avr/4.3.3/avr5\libgcc.a(_sf_to_si.o)
 .debug_loc     0x00000654      0x13e c:/winavr/bin/../lib/gcc/avr/4.3.3/avr5\libgcc.a(_pack_sf.o)
 .debug_loc     0x00000792       0xac c:/winavr/bin/../lib/gcc/avr/4.3.3/avr5\libgcc.a(_unpack_sf.o)
 .debug_loc     0x0000083e       0x50 c:/winavr/bin/../lib/gcc/avr/4.3.3/avr5\libgcc.a(_fpcmp_parts_sf.o)

.debug_macinfo
 *(.debug_macinfo)
OUTPUT(Final_Project_1.elf elf32-avr)
LOAD linker stubs

.debug_ranges   0x00000000       0x50
 .debug_ranges  0x00000000       0x50 c:/winavr/bin/../lib/gcc/avr/4.3.3/avr5\libgcc.a(_mul_sf.o)
